// Jest Snapshot v1, https://goo.gl/fbAQLP

exports[`Footer Component Renders the entire Footerw 1`] = `
<div
  style={
    {
      "transform": "translateY(100px) translateZ(0)",
    }
  }
>
  <section
    className="flex justify-center items-center sm:py-16 py-6 flex-col"
  >
    <div
      className="flex justify-center items-start md:flex-row flex-col mb-8 w-full"
    >
      <div
        className="flex-[1] flex flex-col justify-start mr-10"
      >
        <span
          style={
            {
              "background": "none",
              "border": 0,
              "boxSizing": "border-box",
              "display": "inline-block",
              "height": "initial",
              "margin": 0,
              "maxWidth": "100%",
              "opacity": 1,
              "overflow": "hidden",
              "padding": 0,
              "position": "relative",
              "width": "initial",
            }
          }
        >
          <span
            style={
              {
                "background": "none",
                "border": 0,
                "boxSizing": "border-box",
                "display": "block",
                "height": "initial",
                "margin": 0,
                "maxWidth": "100%",
                "opacity": 1,
                "padding": 0,
                "width": "initial",
              }
            }
          >
            <img
              alt=""
              aria-hidden={true}
              src="data:image/svg+xml,%3csvg%20xmlns=%27http://www.w3.org/2000/svg%27%20version=%271.1%27%20width=%2740%27%20height=%2740%27/%3e"
              style={
                {
                  "background": "none",
                  "border": 0,
                  "display": "block",
                  "height": "initial",
                  "margin": 0,
                  "maxWidth": "100%",
                  "opacity": 1,
                  "padding": 0,
                  "width": "initial",
                }
              }
            />
          </span>
          <img
            alt="questbot_logo"
            className="w-[266px] h-[72.14px] object-contain"
            data-nimg="intrinsic"
            decoding="async"
            onError={[Function]}
            onLoad={[Function]}
            src="data:image/gif;base64,R0lGODlhAQABAIAAAAAAAP///yH5BAEAAAAALAAAAAABAAEAAAIBRAA7"
            style={
              {
                "border": "none",
                "bottom": 0,
                "boxSizing": "border-box",
                "display": "block",
                "height": 0,
                "left": 0,
                "margin": "auto",
                "maxHeight": "100%",
                "maxWidth": "100%",
                "minHeight": "100%",
                "minWidth": "100%",
                "objectFit": undefined,
                "objectPosition": undefined,
                "padding": 0,
                "position": "absolute",
                "right": 0,
                "top": 0,
                "width": 0,
              }
            }
          />
          <noscript>
            <img
              alt="questbot_logo"
              className="w-[266px] h-[72.14px] object-contain"
              data-nimg="intrinsic"
              decoding="async"
              loading="lazy"
              src="/_next/image?url=%2Fimg.jpg&w=96&q=75"
              srcSet="/_next/image?url=%2Fimg.jpg&w=48&q=75 1x, /_next/image?url=%2Fimg.jpg&w=96&q=75 2x"
              style={
                {
                  "border": "none",
                  "bottom": 0,
                  "boxSizing": "border-box",
                  "display": "block",
                  "height": 0,
                  "left": 0,
                  "margin": "auto",
                  "maxHeight": "100%",
                  "maxWidth": "100%",
                  "minHeight": "100%",
                  "minWidth": "100%",
                  "objectFit": undefined,
                  "objectPosition": undefined,
                  "padding": 0,
                  "position": "absolute",
                  "right": 0,
                  "top": 0,
                  "width": 0,
                }
              }
            />
          </noscript>
        </span>
        <div
          aria-label="description"
          className="font-poppins font-normal text-dimWhite text-[18px] leading-[30.8px] mt-4 max-w-[312px]"
          role="text"
        >
          Boosting engagement with the next generation of Play2Earn.
        </div>
      </div>
      <div
        className="flex-[1.5] w-full flex flex-row justify-between flex-wrap md:mt-0 mt-10"
      >
        <div
          aria-label="Useful Links"
          className="flex flex-col ss:my-0 my-4 min-w-[150px]"
        >
          <h4
            className="font-poppins font-medium text-[18px] leading-[27px] text-white"
          >
            Useful Links
          </h4>
          <ul
            className="list-none mt-4"
          >
            <li
              aria-label="Dashboard"
              className="font-poppins font-normal text-[16px] leading-[24px] text-dimWhite hover:text-secondary cursor-pointer mb-4"
            >
              Dashboard
            </li>
            <li
              aria-label="Documentation"
              className="font-poppins font-normal text-[16px] leading-[24px] text-dimWhite hover:text-secondary cursor-pointer mb-4"
            >
              Documentation
            </li>
            <li
              aria-label="Guides"
              className="font-poppins font-normal text-[16px] leading-[24px] text-dimWhite hover:text-secondary cursor-pointer mb-4"
            >
              Guides
            </li>
            <li
              aria-label="Terms & Services"
              className="font-poppins font-normal text-[16px] leading-[24px] text-dimWhite hover:text-secondary cursor-pointer mb-0"
            >
              Terms & Services
            </li>
          </ul>
        </div>
        <div
          aria-label="Community"
          className="flex flex-col ss:my-0 my-4 min-w-[150px]"
        >
          <h4
            className="font-poppins font-medium text-[18px] leading-[27px] text-white"
          >
            Community
          </h4>
          <ul
            className="list-none mt-4"
          >
            <li
              aria-label="Support"
              className="font-poppins font-normal text-[16px] leading-[24px] text-dimWhite hover:text-secondary cursor-pointer mb-4"
            >
              Support
            </li>
            <li
              aria-label="Twitter"
              className="font-poppins font-normal text-[16px] leading-[24px] text-dimWhite hover:text-secondary cursor-pointer mb-4"
            >
              Twitter
            </li>
            <li
              aria-label="Team Socials"
              className="font-poppins font-normal text-[16px] leading-[24px] text-dimWhite hover:text-secondary cursor-pointer mb-4"
            >
              Team Socials
            </li>
            <li
              aria-label="Reviews"
              className="font-poppins font-normal text-[16px] leading-[24px] text-dimWhite hover:text-secondary cursor-pointer mb-0"
            >
              Reviews
            </li>
          </ul>
        </div>
        <div
          aria-label="Partner"
          className="flex flex-col ss:my-0 my-4 min-w-[150px]"
        >
          <h4
            className="font-poppins font-medium text-[18px] leading-[27px] text-white"
          >
            Partner
          </h4>
          <ul
            className="list-none mt-4"
          >
            <li
              aria-label="QuestBotEarn"
              className="font-poppins font-normal text-[16px] leading-[24px] text-dimWhite hover:text-secondary cursor-pointer mb-4"
            >
              QuestBotEarn
            </li>
            <li
              aria-label="Become a Partner"
              className="font-poppins font-normal text-[16px] leading-[24px] text-dimWhite hover:text-secondary cursor-pointer mb-4"
            >
              Become a Partner
            </li>
            <li
              aria-label="Careers"
              className="font-poppins font-normal text-[16px] leading-[24px] text-dimWhite hover:text-secondary cursor-pointer mb-0"
            >
              Careers
            </li>
          </ul>
        </div>
      </div>
    </div>
    <div
      className="w-full flex justify-between items-center md:flex-row flex-col pt-6 border-t-[1px] border-t-[#3F3E45]"
    >
      <div
        aria-label="copyright"
        className="font-poppins font-normal text-center text-[18px] leading-[27px] text-white"
        role="text"
      >
        Copyright â’¸ 2022 QuestBot. All Rights Reserved.
      </div>
      <div
        className="flex flex-row md:mt-0 mt-6"
      >
        <span
          style={
            {
              "background": "none",
              "border": 0,
              "boxSizing": "border-box",
              "display": "inline-block",
              "height": "initial",
              "margin": 0,
              "maxWidth": "100%",
              "opacity": 1,
              "overflow": "hidden",
              "padding": 0,
              "position": "relative",
              "width": "initial",
            }
          }
        >
          <span
            style={
              {
                "background": "none",
                "border": 0,
                "boxSizing": "border-box",
                "display": "block",
                "height": "initial",
                "margin": 0,
                "maxWidth": "100%",
                "opacity": 1,
                "padding": 0,
                "width": "initial",
              }
            }
          >
            <img
              alt=""
              aria-hidden={true}
              src="data:image/svg+xml,%3csvg%20xmlns=%27http://www.w3.org/2000/svg%27%20version=%271.1%27%20width=%2740%27%20height=%2740%27/%3e"
              style={
                {
                  "background": "none",
                  "border": 0,
                  "display": "block",
                  "height": "initial",
                  "margin": 0,
                  "maxWidth": "100%",
                  "opacity": 1,
                  "padding": 0,
                  "width": "initial",
                }
              }
            />
          </span>
          <img
            alt="social-media-1"
            className="w-[21px] h-[21px] object-contain cursor-pointer mr-6"
            data-nimg="intrinsic"
            decoding="async"
            onClick={[Function]}
            onError={[Function]}
            onLoad={[Function]}
            src="data:image/gif;base64,R0lGODlhAQABAIAAAAAAAP///yH5BAEAAAAALAAAAAABAAEAAAIBRAA7"
            style={
              {
                "border": "none",
                "bottom": 0,
                "boxSizing": "border-box",
                "display": "block",
                "height": 0,
                "left": 0,
                "margin": "auto",
                "maxHeight": "100%",
                "maxWidth": "100%",
                "minHeight": "100%",
                "minWidth": "100%",
                "objectFit": undefined,
                "objectPosition": undefined,
                "padding": 0,
                "position": "absolute",
                "right": 0,
                "top": 0,
                "width": 0,
              }
            }
          />
          <noscript>
            <img
              alt="social-media-1"
              className="w-[21px] h-[21px] object-contain cursor-pointer mr-6"
              data-nimg="intrinsic"
              decoding="async"
              loading="lazy"
              onClick={[Function]}
              src="/_next/image?url=%2Fimg.jpg&w=96&q=75"
              srcSet="/_next/image?url=%2Fimg.jpg&w=48&q=75 1x, /_next/image?url=%2Fimg.jpg&w=96&q=75 2x"
              style={
                {
                  "border": "none",
                  "bottom": 0,
                  "boxSizing": "border-box",
                  "display": "block",
                  "height": 0,
                  "left": 0,
                  "margin": "auto",
                  "maxHeight": "100%",
                  "maxWidth": "100%",
                  "minHeight": "100%",
                  "minWidth": "100%",
                  "objectFit": undefined,
                  "objectPosition": undefined,
                  "padding": 0,
                  "position": "absolute",
                  "right": 0,
                  "top": 0,
                  "width": 0,
                }
              }
            />
          </noscript>
        </span>
        <span
          style={
            {
              "background": "none",
              "border": 0,
              "boxSizing": "border-box",
              "display": "inline-block",
              "height": "initial",
              "margin": 0,
              "maxWidth": "100%",
              "opacity": 1,
              "overflow": "hidden",
              "padding": 0,
              "position": "relative",
              "width": "initial",
            }
          }
        >
          <span
            style={
              {
                "background": "none",
                "border": 0,
                "boxSizing": "border-box",
                "display": "block",
                "height": "initial",
                "margin": 0,
                "maxWidth": "100%",
                "opacity": 1,
                "padding": 0,
                "width": "initial",
              }
            }
          >
            <img
              alt=""
              aria-hidden={true}
              src="data:image/svg+xml,%3csvg%20xmlns=%27http://www.w3.org/2000/svg%27%20version=%271.1%27%20width=%2740%27%20height=%2740%27/%3e"
              style={
                {
                  "background": "none",
                  "border": 0,
                  "display": "block",
                  "height": "initial",
                  "margin": 0,
                  "maxWidth": "100%",
                  "opacity": 1,
                  "padding": 0,
                  "width": "initial",
                }
              }
            />
          </span>
          <img
            alt="social-media-2"
            className="w-[21px] h-[21px] object-contain cursor-pointer mr-6"
            data-nimg="intrinsic"
            decoding="async"
            onClick={[Function]}
            onError={[Function]}
            onLoad={[Function]}
            src="data:image/gif;base64,R0lGODlhAQABAIAAAAAAAP///yH5BAEAAAAALAAAAAABAAEAAAIBRAA7"
            style={
              {
                "border": "none",
                "bottom": 0,
                "boxSizing": "border-box",
                "display": "block",
                "height": 0,
                "left": 0,
                "margin": "auto",
                "maxHeight": "100%",
                "maxWidth": "100%",
                "minHeight": "100%",
                "minWidth": "100%",
                "objectFit": undefined,
                "objectPosition": undefined,
                "padding": 0,
                "position": "absolute",
                "right": 0,
                "top": 0,
                "width": 0,
              }
            }
          />
          <noscript>
            <img
              alt="social-media-2"
              className="w-[21px] h-[21px] object-contain cursor-pointer mr-6"
              data-nimg="intrinsic"
              decoding="async"
              loading="lazy"
              onClick={[Function]}
              src="/_next/image?url=%2Fimg.jpg&w=96&q=75"
              srcSet="/_next/image?url=%2Fimg.jpg&w=48&q=75 1x, /_next/image?url=%2Fimg.jpg&w=96&q=75 2x"
              style={
                {
                  "border": "none",
                  "bottom": 0,
                  "boxSizing": "border-box",
                  "display": "block",
                  "height": 0,
                  "left": 0,
                  "margin": "auto",
                  "maxHeight": "100%",
                  "maxWidth": "100%",
                  "minHeight": "100%",
                  "minWidth": "100%",
                  "objectFit": undefined,
                  "objectPosition": undefined,
                  "padding": 0,
                  "position": "absolute",
                  "right": 0,
                  "top": 0,
                  "width": 0,
                }
              }
            />
          </noscript>
        </span>
        <span
          style={
            {
              "background": "none",
              "border": 0,
              "boxSizing": "border-box",
              "display": "inline-block",
              "height": "initial",
              "margin": 0,
              "maxWidth": "100%",
              "opacity": 1,
              "overflow": "hidden",
              "padding": 0,
              "position": "relative",
              "width": "initial",
            }
          }
        >
          <span
            style={
              {
                "background": "none",
                "border": 0,
                "boxSizing": "border-box",
                "display": "block",
                "height": "initial",
                "margin": 0,
                "maxWidth": "100%",
                "opacity": 1,
                "padding": 0,
                "width": "initial",
              }
            }
          >
            <img
              alt=""
              aria-hidden={true}
              src="data:image/svg+xml,%3csvg%20xmlns=%27http://www.w3.org/2000/svg%27%20version=%271.1%27%20width=%2740%27%20height=%2740%27/%3e"
              style={
                {
                  "background": "none",
                  "border": 0,
                  "display": "block",
                  "height": "initial",
                  "margin": 0,
                  "maxWidth": "100%",
                  "opacity": 1,
                  "padding": 0,
                  "width": "initial",
                }
              }
            />
          </span>
          <img
            alt="social-media-3"
            className="w-[21px] h-[21px] object-contain cursor-pointer mr-6"
            data-nimg="intrinsic"
            decoding="async"
            onClick={[Function]}
            onError={[Function]}
            onLoad={[Function]}
            src="data:image/gif;base64,R0lGODlhAQABAIAAAAAAAP///yH5BAEAAAAALAAAAAABAAEAAAIBRAA7"
            style={
              {
                "border": "none",
                "bottom": 0,
                "boxSizing": "border-box",
                "display": "block",
                "height": 0,
                "left": 0,
                "margin": "auto",
                "maxHeight": "100%",
                "maxWidth": "100%",
                "minHeight": "100%",
                "minWidth": "100%",
                "objectFit": undefined,
                "objectPosition": undefined,
                "padding": 0,
                "position": "absolute",
                "right": 0,
                "top": 0,
                "width": 0,
              }
            }
          />
          <noscript>
            <img
              alt="social-media-3"
              className="w-[21px] h-[21px] object-contain cursor-pointer mr-6"
              data-nimg="intrinsic"
              decoding="async"
              loading="lazy"
              onClick={[Function]}
              src="/_next/image?url=%2Fimg.jpg&w=96&q=75"
              srcSet="/_next/image?url=%2Fimg.jpg&w=48&q=75 1x, /_next/image?url=%2Fimg.jpg&w=96&q=75 2x"
              style={
                {
                  "border": "none",
                  "bottom": 0,
                  "boxSizing": "border-box",
                  "display": "block",
                  "height": 0,
                  "left": 0,
                  "margin": "auto",
                  "maxHeight": "100%",
                  "maxWidth": "100%",
                  "minHeight": "100%",
                  "minWidth": "100%",
                  "objectFit": undefined,
                  "objectPosition": undefined,
                  "padding": 0,
                  "position": "absolute",
                  "right": 0,
                  "top": 0,
                  "width": 0,
                }
              }
            />
          </noscript>
        </span>
        <span
          style={
            {
              "background": "none",
              "border": 0,
              "boxSizing": "border-box",
              "display": "inline-block",
              "height": "initial",
              "margin": 0,
              "maxWidth": "100%",
              "opacity": 1,
              "overflow": "hidden",
              "padding": 0,
              "position": "relative",
              "width": "initial",
            }
          }
        >
          <span
            style={
              {
                "background": "none",
                "border": 0,
                "boxSizing": "border-box",
                "display": "block",
                "height": "initial",
                "margin": 0,
                "maxWidth": "100%",
                "opacity": 1,
                "padding": 0,
                "width": "initial",
              }
            }
          >
            <img
              alt=""
              aria-hidden={true}
              src="data:image/svg+xml,%3csvg%20xmlns=%27http://www.w3.org/2000/svg%27%20version=%271.1%27%20width=%2740%27%20height=%2740%27/%3e"
              style={
                {
                  "background": "none",
                  "border": 0,
                  "display": "block",
                  "height": "initial",
                  "margin": 0,
                  "maxWidth": "100%",
                  "opacity": 1,
                  "padding": 0,
                  "width": "initial",
                }
              }
            />
          </span>
          <img
            alt="social-media-4"
            className="w-[21px] h-[21px] object-contain cursor-pointer mr-0"
            data-nimg="intrinsic"
            decoding="async"
            onClick={[Function]}
            onError={[Function]}
            onLoad={[Function]}
            src="data:image/gif;base64,R0lGODlhAQABAIAAAAAAAP///yH5BAEAAAAALAAAAAABAAEAAAIBRAA7"
            style={
              {
                "border": "none",
                "bottom": 0,
                "boxSizing": "border-box",
                "display": "block",
                "height": 0,
                "left": 0,
                "margin": "auto",
                "maxHeight": "100%",
                "maxWidth": "100%",
                "minHeight": "100%",
                "minWidth": "100%",
                "objectFit": undefined,
                "objectPosition": undefined,
                "padding": 0,
                "position": "absolute",
                "right": 0,
                "top": 0,
                "width": 0,
              }
            }
          />
          <noscript>
            <img
              alt="social-media-4"
              className="w-[21px] h-[21px] object-contain cursor-pointer mr-0"
              data-nimg="intrinsic"
              decoding="async"
              loading="lazy"
              onClick={[Function]}
              src="/_next/image?url=%2Fimg.jpg&w=96&q=75"
              srcSet="/_next/image?url=%2Fimg.jpg&w=48&q=75 1x, /_next/image?url=%2Fimg.jpg&w=96&q=75 2x"
              style={
                {
                  "border": "none",
                  "bottom": 0,
                  "boxSizing": "border-box",
                  "display": "block",
                  "height": 0,
                  "left": 0,
                  "margin": "auto",
                  "maxHeight": "100%",
                  "maxWidth": "100%",
                  "minHeight": "100%",
                  "minWidth": "100%",
                  "objectFit": undefined,
                  "objectPosition": undefined,
                  "padding": 0,
                  "position": "absolute",
                  "right": 0,
                  "top": 0,
                  "width": 0,
                }
              }
            />
          </noscript>
        </span>
      </div>
    </div>
  </section>
</div>
`;
